// Jest Snapshot v1, https://goo.gl/fbAQLP

exports[`components/form/form-history-version.vue has the expected html structure 1`] = `
<div>
  <b-row-stub
    class="border-bottom header-row"
    tag="div"
  >
    <b-col-stub
      tag="div"
    >
      <a
        class="backButton"
        href=""
      >
        <i
          class="fa fa-caret-left fa-lg"
        />
          Back to history
      </a>
    </b-col-stub>
     
    <b-col-stub
      class="text-right"
      tag="div"
    >
      <i
        class="square"
      />
        
      <span
        class="info"
      >
        Edited fields
      </span>
    </b-col-stub>
  </b-row-stub>
   
  <b-row-stub
    tag="div"
  >
    <b-col-stub
      class="mt-3"
      tag="div"
    >
      <p>
        <strong>
          Reason for change: primaryReason
        </strong>
      </p>
    </b-col-stub>
  </b-row-stub>
   
  <b
    donotopenquery=""
    sections="[object Object]"
    showchanged=""
  >
    FormFieldsList
  </b>
</div>
`;
